
[1m[46m RUN [49m[22m [36mv3.2.4 [39m[90mD:/projects/packages/mongokit[39m

node.exe : [90mstderr[2m | 
tests/governance.test.ts[2m > 
[22m[2mNew Pagination and Query 
Governance[2m > [22m[2mdrops 
unallowed sort fields in QueryParser
At line:1 char:1
+ & "C:\Program Files\nodejs/node.exe" 
"C:\Program Files\nodejs/node_mo ...
+ ~~~~~~~~~~~~~~~~~~~~~~~~~~~~~~~~~~~~~~
~~~~~~~~~~~~~~~~~~~~~~~~~~~~~~~
    + CategoryInfo          : NotSpecif 
   ied: ([90mstderr[2m... in QueryPa  
  rser:String) [], RemoteException
    + FullyQualifiedErrorId : NativeCom 
   mandError
 
[22m[39m[mongokit] Blocked sort field 
not in allowlist: description
[mongokit] Blocked sort field not in 
allowlist: id

[90mstderr[2m | 
tests/governance.test.ts[2m > 
[22m[2mNew Pagination and Query 
Governance[2m > [22m[2mreturns 
undefined when all sort fields are 
blocked
[22m[39m[mongokit] Blocked sort field 
not in allowlist: description

[90mstderr[2m | 
tests/governance.test.ts[2m > 
[22m[2mNew Pagination and Query 
Governance[2m > [22m[2mdrops 
unallowed sort fields when sort is an 
object
[22m[39m[mongokit] Blocked sort field 
not in allowlist: description
[mongokit] Blocked sort field not in 
allowlist: id

[90mstderr[2m | 
tests/governance.test.ts[2m > 
[22m[2mNew Pagination and Query 
Governance[2m > [22m[2mreturns 
undefined when all object sort fields 
are blocked
[22m[39m[mongokit] Blocked sort field 
not in allowlist: description
[mongokit] Blocked sort field not in 
allowlist: id

 [31mΓ¥»[39m tests/governance.test.ts [2m([22m[2m15 tests[22m[2m | [22m[31m1 failed[39m[2m)[22m[32m 17[2mms[22m[39m
   [32mΓ£ô[39m New Pagination and Query Governance[2m > [22mrespects countStrategy: estimated[32m 2[2mms[22m[39m
   [32mΓ£ô[39m New Pagination and Query Governance[2m > [22mrespects countStrategy: none[32m 1[2mms[22m[39m
   [32mΓ£ô[39m New Pagination and Query Governance[2m > [22mevaluates hasNext correctly under countStrategy: none based on payload length[32m 0[2mms[22m[39m
   [32mΓ£ô[39m New Pagination and Query Governance[2m > [22mpasses hint and maxTimeMS to query[32m 1[2mms[22m[39m
   [32mΓ£ô[39m New Pagination and Query Governance[2m > [22mdrops unallowed sort fields in QueryParser[32m 1[2mms[22m[39m
   [32mΓ£ô[39m New Pagination and Query Governance[2m > [22mreturns undefined when all sort fields are blocked[32m 0[2mms[22m[39m
   [32mΓ£ô[39m New Pagination and Query Governance[2m > [22mdrops unallowed sort fields when sort is an object[32m 0[2mms[22m[39m
   [32mΓ£ô[39m New Pagination and Query Governance[2m > [22mreturns undefined when all object sort fields are blocked[32m 0[2mms[22m[39m
   [32mΓ£ô[39m New Pagination and Query Governance[2m > [22mparses comma-separated sort strings in Repository correctly[32m 0[2mms[22m[39m
   [32mΓ£ô[39m New Pagination and Query Governance[2m > [22mthrows error on search when no text index is present[32m 1[2mms[22m[39m
   [32mΓ£ô[39m New Pagination and Query Governance[2m > [22mapplies readPreference to offset pagination queries and counts[32m 0[2mms[22m[39m
   [32mΓ£ô[39m New Pagination and Query Governance[2m > [22mapplies readPreference to keyset pagination stream[32m 1[2mms[22m[39m
   [32mΓ£ô[39m New Pagination and Query Governance[2m > [22mapplies readPreference to aggregatePaginate queries[32m 0[2mms[22m[39m
[31m   [31m├ù[31m New Pagination and Query Governance[2m > [22mprioritizes context.readPreference over options and params[39m[32m 5[2mms[22m[39m
[31m     ΓåÆ expected "spy" to be called with arguments: [ 'primary' ][90m

Received: 

[1m  1st spy call:

[22m[2m  [[22m
[32m-   "primary",[90m
[31m+   "nearest",[90m
[2m  ][22m
[31m[90m

Number of calls: [1m1[22m
[31m[39m
   [32mΓ£ô[39m New Pagination and Query Governance[2m > [22mprioritizes options.readPreference over params[32m 0[2mms[22m[39m

[31mΓÄ»ΓÄ»ΓÄ»ΓÄ»ΓÄ»ΓÄ»ΓÄ»[39m[1m[41m
 Failed Tests 1 [49m[22m[31mΓÄ»ΓÄ»ΓÄ»
ΓÄ»ΓÄ»ΓÄ»ΓÄ»[39m

[41m[1m FAIL [22m[49m 
tests/governance.test.ts[2m > [22mNew 
Pagination and Query Governance[2m > 
[22mprioritizes context.readPreference 
over options and params
[31m[1mAssertionError[22m: expected 
"spy" to be called with arguments: [ 
'primary' ][90m

Received: 

[1m  1st spy call:

[22m[2m  [[22m
[32m-   "primary",[90m
[31m+   "nearest",[90m
[2m  ][22m
[31m[90m

Number of calls: [1m1[22m
[31m[39m
[36m [2mΓ¥»[22m tests/governance.test
.ts:[2m199:28[22m[39m
    [90m197| [39m
    [90m198| [39m    [90m// Context 
wins due to the plugin[39m
    [90m199| [39m    [34mexpect[39m(
mockQuery[33m.[39mread)[33m.[39m[34
mtoHaveBeenCalledWith[39m([32m"primary
"[39m)[33m;[39m
    [90m   | [39m                     
      [31m^[39m
    [90m200| [39m  })[33m;[39m
    [90m201| [39m

[31m[2mΓÄ»ΓÄ»ΓÄ»ΓÄ»ΓÄ»ΓÄ»ΓÄ»ΓÄ»ΓÄ»ΓÄ»Γ
Ä»ΓÄ»ΓÄ»ΓÄ»ΓÄ»ΓÄ»ΓÄ»ΓÄ»ΓÄ»ΓÄ»ΓÄ»ΓÄ»ΓÄ»ΓÄ
»[1/1]ΓÄ»[22m[39m


[2m Test Files [22m [1m[31m1 failed[39m[22m[90m (1)[39m
[2m      Tests [22m [1m[31m1 failed[39m[22m[2m | [22m[1m[32m14 passed[39m[22m[90m (15)[39m
[2m   Start at [22m 23:46:29
[2m   Duration [22m 638ms[2m (transform 106ms, setup 0ms, collect 479ms, tests 17ms, environment 0ms, prepare 48ms)[22m

